[INFO] Scanning for projects...
[INFO] 
[INFO] ------------------------< Team.C:Service-Spot >-------------------------
[INFO] Building Service-Spot 0.0.1-SNAPSHOT
[INFO]   from pom.xml
[INFO] --------------------------------[ jar ]---------------------------------
[INFO] 
[INFO] --- clean:3.5.0:clean (default-clean) @ Service-Spot ---
[INFO] Deleting c:\Users\Admin\Desktop\service-spot\backend\target
[INFO] 
[INFO] --- resources:3.3.1:resources (default-resources) @ Service-Spot ---
[INFO] Copying 1 resource from src\main\resources to target\classes
[INFO] Copying 3 resources from src\main\resources to target\classes
[INFO] 
[INFO] --- compiler:3.14.1:compile (default-compile) @ Service-Spot ---
[INFO] Recompiling the module because of changed source code.
[INFO] Compiling 62 source files with javac [debug parameters release 21] to target\classes
[WARNING] /c:/Users/Admin/Desktop/service-spot/backend/src/main/java/Team/C/Service/Spot/model/Article.java:[41,21] @Builder will ignore the initializing expression entirely. If you want the initializing expression to serve as default, add @Builder.Default. If it is not supposed to be settable during building, make the field final.
[WARNING] /c:/Users/Admin/Desktop/service-spot/backend/src/main/java/Team/C/Service/Spot/model/Article.java:[45,18] @Builder will ignore the initializing expression entirely. If you want the initializing expression to serve as default, add @Builder.Default. If it is not supposed to be settable during building, make the field final.
[WARNING] /c:/Users/Admin/Desktop/service-spot/backend/src/main/java/Team/C/Service/Spot/model/Article.java:[53,18] @Builder will ignore the initializing expression entirely. If you want the initializing expression to serve as default, add @Builder.Default. If it is not supposed to be settable during building, make the field final.
[WARNING] /c:/Users/Admin/Desktop/service-spot/backend/src/main/java/Team/C/Service/Spot/model/Contact.java:[38,21] @Builder will ignore the initializing expression entirely. If you want the initializing expression to serve as default, add @Builder.Default. If it is not supposed to be settable during building, make the field final.
[WARNING] /c:/Users/Admin/Desktop/service-spot/backend/src/main/java/Team/C/Service/Spot/model/Contact.java:[42,18] @Builder will ignore the initializing expression entirely. If you want the initializing expression to serve as default, add @Builder.Default. If it is not supposed to be settable during building, make the field final.
[WARNING] /c:/Users/Admin/Desktop/service-spot/backend/src/main/java/Team/C/Service/Spot/model/Contact.java:[46,18] @Builder will ignore the initializing expression entirely. If you want the initializing expression to serve as default, add @Builder.Default. If it is not supposed to be settable during building, make the field final.
[WARNING] /c:/Users/Admin/Desktop/service-spot/backend/src/main/java/Team/C/Service/Spot/model/Customer.java:[63,20] @Builder will ignore the initializing expression entirely. If you want the initializing expression to serve as default, add @Builder.Default. If it is not supposed to be settable during building, make the field final.
[WARNING] /c:/Users/Admin/Desktop/service-spot/backend/src/main/java/Team/C/Service/Spot/model/Service.java:[49,20] @Builder will ignore the initializing expression entirely. If you want the initializing expression to serve as default, add @Builder.Default. If it is not supposed to be settable during building, make the field final.
[WARNING] /c:/Users/Admin/Desktop/service-spot/backend/src/main/java/Team/C/Service/Spot/model/Service.java:[52,21] @Builder will ignore the initializing expression entirely. If you want the initializing expression to serve as default, add @Builder.Default. If it is not supposed to be settable during building, make the field final.
[WARNING] /c:/Users/Admin/Desktop/service-spot/backend/src/main/java/Team/C/Service/Spot/model/Service.java:[55,21] @Builder will ignore the initializing expression entirely. If you want the initializing expression to serve as default, add @Builder.Default. If it is not supposed to be settable during building, make the field final.
[WARNING] /c:/Users/Admin/Desktop/service-spot/backend/src/main/java/Team/C/Service/Spot/model/Service.java:[59,18] @Builder will ignore the initializing expression entirely. If you want the initializing expression to serve as default, add @Builder.Default. If it is not supposed to be settable during building, make the field final.
[WARNING] /c:/Users/Admin/Desktop/service-spot/backend/src/main/java/Team/C/Service/Spot/model/Service.java:[63,18] @Builder will ignore the initializing expression entirely. If you want the initializing expression to serve as default, add @Builder.Default. If it is not supposed to be settable during building, make the field final.
[WARNING] /c:/Users/Admin/Desktop/service-spot/backend/src/main/java/Team/C/Service/Spot/model/FAQ.java:[32,21] @Builder will ignore the initializing expression entirely. If you want the initializing expression to serve as default, add @Builder.Default. If it is not supposed to be settable during building, make the field final.
[WARNING] /c:/Users/Admin/Desktop/service-spot/backend/src/main/java/Team/C/Service/Spot/model/FAQ.java:[35,21] @Builder will ignore the initializing expression entirely. If you want the initializing expression to serve as default, add @Builder.Default. If it is not supposed to be settable during building, make the field final.
[WARNING] /c:/Users/Admin/Desktop/service-spot/backend/src/main/java/Team/C/Service/Spot/model/FAQ.java:[39,18] @Builder will ignore the initializing expression entirely. If you want the initializing expression to serve as default, add @Builder.Default. If it is not supposed to be settable during building, make the field final.
[WARNING] /c:/Users/Admin/Desktop/service-spot/backend/src/main/java/Team/C/Service/Spot/model/FAQ.java:[43,18] @Builder will ignore the initializing expression entirely. If you want the initializing expression to serve as default, add @Builder.Default. If it is not supposed to be settable during building, make the field final.
[WARNING] /c:/Users/Admin/Desktop/service-spot/backend/src/main/java/Team/C/Service/Spot/model/Review.java:[38,18] @Builder will ignore the initializing expression entirely. If you want the initializing expression to serve as default, add @Builder.Default. If it is not supposed to be settable during building, make the field final.
[WARNING] /c:/Users/Admin/Desktop/service-spot/backend/src/main/java/Team/C/Service/Spot/model/Review.java:[42,18] @Builder will ignore the initializing expression entirely. If you want the initializing expression to serve as default, add @Builder.Default. If it is not supposed to be settable during building, make the field final.
[WARNING] /c:/Users/Admin/Desktop/service-spot/backend/src/main/java/Team/C/Service/Spot/model/Provider.java:[57,19] @Builder will ignore the initializing expression entirely. If you want the initializing expression to serve as default, add @Builder.Default. If it is not supposed to be settable during building, make the field final.
[WARNING] /c:/Users/Admin/Desktop/service-spot/backend/src/main/java/Team/C/Service/Spot/model/Provider.java:[66,21] @Builder will ignore the initializing expression entirely. If you want the initializing expression to serve as default, add @Builder.Default. If it is not supposed to be settable during building, make the field final.
[WARNING] /c:/Users/Admin/Desktop/service-spot/backend/src/main/java/Team/C/Service/Spot/model/Provider.java:[69,20] @Builder will ignore the initializing expression entirely. If you want the initializing expression to serve as default, add @Builder.Default. If it is not supposed to be settable during building, make the field final.
[WARNING] /c:/Users/Admin/Desktop/service-spot/backend/src/main/java/Team/C/Service/Spot/model/Admin.java:[34,20] @Builder will ignore the initializing expression entirely. If you want the initializing expression to serve as default, add @Builder.Default. If it is not supposed to be settable during building, make the field final.
[WARNING] /c:/Users/Admin/Desktop/service-spot/backend/src/main/java/Team/C/Service/Spot/model/Booking.java:[51,20] @Builder will ignore the initializing expression entirely. If you want the initializing expression to serve as default, add @Builder.Default. If it is not supposed to be settable during building, make the field final.
[WARNING] /c:/Users/Admin/Desktop/service-spot/backend/src/main/java/Team/C/Service/Spot/model/Booking.java:[57,20] @Builder will ignore the initializing expression entirely. If you want the initializing expression to serve as default, add @Builder.Default. If it is not supposed to be settable during building, make the field final.
[INFO] /c:/Users/Admin/Desktop/service-spot/backend/src/main/java/Team/C/Service/Spot/model/Service.java: Some input files use or override a deprecated API.
[INFO] /c:/Users/Admin/Desktop/service-spot/backend/src/main/java/Team/C/Service/Spot/model/Service.java: Recompile with -Xlint:deprecation for details.
[INFO] ------------------------------------------------------------------------
[INFO] BUILD SUCCESS
[INFO] ------------------------------------------------------------------------
[INFO] Total time:  4.386 s
[INFO] Finished at: 2025-12-14T14:59:45+05:30
[INFO] ------------------------------------------------------------------------
